// Vitest Snapshot v1, https://vitest.dev/guide/snapshot.html

exports[`tailwindcss > config snap 1`] = `
{
  "content": [
    {
      "raw": "hidden",
    },
  ],
  "corePlugins": {
    "preflight": false,
  },
  "theme": {
    "extend": {
      "borderRadius": {
        "badge": "var(--ice-rounded-badge, 1.9rem)",
        "box": "var(--ice-rounded-box, 1rem)",
        "btn": "var(--ice-rounded-btn, 0.5rem)",
      },
      "colors": {
        "accent": "rgba(var(--ice-accent) / <alpha-value>)",
        "accent-active": "rgba(var(--ice-accent-active) / <alpha-value>)",
        "accent-content": "rgba(var(--ice-accent-content) / <alpha-value>)",
        "accent-hover": "rgba(var(--ice-accent-hover) / <alpha-value>)",
        "ant-neutral-100": "rgba(var(--ice-ant-neutral-100) / <alpha-value>)",
        "ant-neutral-1000": "rgba(var(--ice-ant-neutral-1000) / <alpha-value>)",
        "ant-neutral-1100": "rgba(var(--ice-ant-neutral-1100) / <alpha-value>)",
        "ant-neutral-1200": "rgba(var(--ice-ant-neutral-1200) / <alpha-value>)",
        "ant-neutral-1300": "rgba(var(--ice-ant-neutral-1300) / <alpha-value>)",
        "ant-neutral-200": "rgba(var(--ice-ant-neutral-200) / <alpha-value>)",
        "ant-neutral-300": "rgba(var(--ice-ant-neutral-300) / <alpha-value>)",
        "ant-neutral-400": "rgba(var(--ice-ant-neutral-400) / <alpha-value>)",
        "ant-neutral-500": "rgba(var(--ice-ant-neutral-500) / <alpha-value>)",
        "ant-neutral-600": "rgba(var(--ice-ant-neutral-600) / <alpha-value>)",
        "ant-neutral-700": "rgba(var(--ice-ant-neutral-700) / <alpha-value>)",
        "ant-neutral-800": "rgba(var(--ice-ant-neutral-800) / <alpha-value>)",
        "ant-neutral-900": "rgba(var(--ice-ant-neutral-900) / <alpha-value>)",
        "base-100": "rgba(var(--ice-base-100) / <alpha-value>)",
        "base-200": "rgba(var(--ice-base-200) / <alpha-value>)",
        "base-300": "rgba(var(--ice-base-300) / <alpha-value>)",
        "base-content": "rgba(var(--ice-base-content) / <alpha-value>)",
        "current": "currentColor",
        "error": "rgba(var(--ice-error) / <alpha-value>)",
        "error-active": "rgba(var(--ice-error-active) / <alpha-value>)",
        "error-content": "rgba(var(--ice-error-content) / <alpha-value>)",
        "error-hover": "rgba(var(--ice-error-hover) / <alpha-value>)",
        "info": "rgba(var(--ice-info) / <alpha-value>)",
        "info-active": "rgba(var(--ice-info-active) / <alpha-value>)",
        "info-content": "rgba(var(--ice-info-content) / <alpha-value>)",
        "info-hover": "rgba(var(--ice-info-hover) / <alpha-value>)",
        "neutral": "rgba(var(--ice-neutral) / <alpha-value>)",
        "neutral-100": "#f5f5f5",
        "neutral-200": "#e5e5e5",
        "neutral-300": "#d4d4d4",
        "neutral-400": "#a3a3a3",
        "neutral-50": "#fafafa",
        "neutral-500": "#737373",
        "neutral-600": "#525252",
        "neutral-700": "#404040",
        "neutral-800": "#262626",
        "neutral-900": "#171717",
        "neutral-950": "#0a0a0a",
        "neutral-active": "rgba(var(--ice-neutral-active) / <alpha-value>)",
        "neutral-content": "rgba(var(--ice-neutral-content) / <alpha-value>)",
        "neutral-hover": "rgba(var(--ice-neutral-hover) / <alpha-value>)",
        "primary": "rgba(var(--ice-primary) / <alpha-value>)",
        "primary-active": "rgba(var(--ice-primary-active) / <alpha-value>)",
        "primary-content": "rgba(var(--ice-primary-content) / <alpha-value>)",
        "primary-hover": "rgba(var(--ice-primary-hover) / <alpha-value>)",
        "secondary": "rgba(var(--ice-secondary) / <alpha-value>)",
        "secondary-active": "rgba(var(--ice-secondary-active) / <alpha-value>)",
        "secondary-content": "rgba(var(--ice-secondary-content) / <alpha-value>)",
        "secondary-hover": "rgba(var(--ice-secondary-hover) / <alpha-value>)",
        "success": "rgba(var(--ice-success) / <alpha-value>)",
        "success-active": "rgba(var(--ice-success-active) / <alpha-value>)",
        "success-content": "rgba(var(--ice-success-content) / <alpha-value>)",
        "success-hover": "rgba(var(--ice-success-hover) / <alpha-value>)",
        "transparent": "transparent",
        "warning": "rgba(var(--ice-warning) / <alpha-value>)",
        "warning-active": "rgba(var(--ice-warning-active) / <alpha-value>)",
        "warning-content": "rgba(var(--ice-warning-content) / <alpha-value>)",
        "warning-hover": "rgba(var(--ice-warning-hover) / <alpha-value>)",
      },
      "lineHeight": {
        "1": "0.25rem",
        "2": "0.5rem",
      },
      "minHeight": {
        "12": "3rem",
        "16": "4rem",
        "6": "1.5rem",
        "8": "2rem",
      },
    },
  },
}
`;
